backtesting_results/^FTSE_BollingerKeltnerChaikinSMAStrategy_backtesting_results.csv
type,price,quantity,date,balance,profit,Metric,Value
short,6076.7001953125,0.32912599531284725,2020-06-11,98000.0,-2000.0,,
short,5581.7998046875,0.35786723343489263,2020-10-29,97879.61943085604,-2120.380569143963,,
short,6964.10009765625,0.28609130979381403,2022-03-08,97626.05740521153,-2373.942594788474,,
short,7155.60009765625,0.2785071474793926,2022-03-11,97651.40281337374,-2348.5971866262553,,
short,7317.5,0.27228097508407195,2022-06-10,97628.38572370712,-2371.6142762928794,,
short,7273.39990234375,0.27388662937555325,2022-06-15,97612.26218431699,-2387.737815683009,,
short,7121.7998046875,0.2796234348303169,2022-06-20,97579.68405446934,-2420.3159455306595,,
short,7020.5,0.2836577037029902,2022-06-23,97579.52653349529,-2420.4734665047145,,
short,7323.39990234375,0.272007983667947,2022-06-28,97609.13881049759,-2390.861189502408,,
short,7168.7001953125,0.27784654231639183,2022-07-01,97598.12954635062,-2401.870453649375,,
short,7282.10009765625,0.27335354928175626,2022-09-15,97538.80748804862,-2461.192511951376,,
short,6984.60009765625,0.284970311838181,2022-09-27,97529.77972681045,-2470.2202731895522,,
short,6893.7998046875,0.28870675116853867,2022-09-30,97524.04069606408,-2475.959303935917,,
short,6826.2001953125,0.2916097257779788,2022-10-12,97538.7319859725,-2461.2680140275043,,
short,7344.5,0.2710000078735555,2023-03-15,97527.6183335391,-2472.381666460904,,
short,7403.89990234375,0.2688361547226131,2023-03-20,97531.36300516399,-2468.636994836008,,
short,7499.60009765625,0.2654585252814078,2023-03-23,97550.80632408237,-2449.1936759176315,,
short,7484.2998046875,0.2659795888170752,2023-03-28,97542.87824709035,-2457.1217529096466,,
short,7446.10009765625,0.2673827036433159,2023-05-31,97556.96040979424,-2443.0395902057644,,
short,7600.0,0.262004339074129,2023-06-05,97570.41587120564,-2429.584128794362,,
short,7599.7001953125,0.26202370761948246,2023-06-08,97573.77947664201,-2426.220523357988,,
short,7594.7998046875,0.2621813361690471,2023-06-13,97569.52327573994,-2430.4767242600647,,
short,7642.7001953125,0.2605452237939873,2023-06-16,97572.18260612426,-2427.817393875739,,
short,7280.5,0.2734843491740882,2023-07-06,97564.03740393552,-2435.962596064477,,
short,7282.5,0.27340355247270004,2023-07-11,97562.00717323946,-2437.992826760543,,
short,7262.39990234375,0.27421508183739873,2023-08-18,97581.51959429828,-2418.4804057017172,,
short,7320.5,0.2720394499523085,2023-08-23,97581.77487541785,-2418.2251245821535,,
short,7465.0,0.2667792674877067,2023-08-29,97583.8543579908,-2416.1456420092,,
short,7464.5,0.26679406379121395,2023-09-01,97582.7301693063,-2417.2698306936945,,
short,7426.10009765625,0.2681667593389974,2023-09-06,97580.22668805895,-2419.773311941055,,
short,7510.7001953125,0.26515823034293606,2023-10-02,97584.67464884493,-2415.325351155072,,
short,7374.7998046875,0.2700195446211304,2023-10-23,97575.6641617523,-2424.3358382477018,,
short,7354.60009765625,0.2707711506179458,2023-10-26,97579.26300808473,-2420.7369919152698,,
short,7321.7001953125,0.2719711205117887,2023-10-31,97573.2593023556,-2426.7406976444036,,
short,7417.7001953125,0.26847793953106835,2023-11-03,97582.95436033845,-2417.045639661548,,
short,7401.7001953125,0.26905692057206654,2023-11-08,97582.45441587377,-2417.54558412623,,
short,7425.7998046875,0.2681860631808743,2023-11-13,97583.30476383383,-2416.695236166168,,
short,7487.7001953125,0.26607169777819595,2024-01-22,97620.99006762539,-2379.009932374611,,
short,7529.7001953125,0.2645942873374679,2024-01-25,97623.4671951317,-2376.5328048683004,,
partial_exit,6076.7001953125,0.16456299765642363,2020-06-11,99000.0,-1000.0,,
partial_exit,6105.2001953125,0.08228149882821181,2020-06-12,99502.3450227166,-497.6549772833969,,
partial_exit,5581.7998046875,0.17893361671744631,2020-10-29,98878.3910577015,-1121.608942298495,,
partial_exit,5577.2998046875,0.08946680835872316,2020-10-30,99377.37427048663,-622.6257295133692,,
partial_exit,6964.10009765625,0.14304565489690702,2022-03-08,98622.24166444837,-1377.7583355516254,,
partial_exit,7190.7001953125,0.07152282744845351,2022-03-09,99136.54087375128,-863.4591262487229,,
partial_exit,7155.60009765625,0.1392535737396963,2022-03-11,98647.8456992245,-1352.1543007754954,,
partial_exit,7193.5,0.06962678686984815,2022-03-14,99148.70599057275,-851.294009427249,,
partial_exit,7317.5,0.13614048754203598,2022-06-10,98624.59374129598,-1375.4062587040244,,
partial_exit,7205.7998046875,0.06807024377101799,2022-06-13,99115.09429056621,-884.9057094337913,,
partial_exit,7273.39990234375,0.13694331468777662,2022-06-15,98608.30567599369,-1391.694324006312,,
partial_exit,7045.0,0.06847165734388831,2022-06-16,99090.68850198138,-909.3114980186219,,
partial_exit,7121.7998046875,0.13981171741515844,2022-06-20,98575.39511624964,-1424.6048837503622,,
partial_exit,7152.10009765625,0.06990585870757922,2022-06-21,99075.36881513886,-924.6311848611367,,
partial_exit,7020.5,0.1418288518514951,2022-06-23,98575.23598791871,-1424.7640120812866,,
partial_exit,7208.7998046875,0.07091442592574755,2022-06-24,99086.44388768177,-913.556112318227,,
partial_exit,7323.39990234375,0.1360039918339735,2022-06-28,98605.15043101288,-1394.8495689871197,,
partial_exit,7312.2998046875,0.06800199591698675,2022-06-29,99102.40141247502,-897.5985875249753,,
partial_exit,7168.7001953125,0.13892327115819592,2022-07-01,98594.02882743583,-1405.9711725641682,,
partial_exit,7232.7001953125,0.06946163557909796,2022-07-04,99096.4240126555,-903.5759873445058,,
partial_exit,7282.10009765625,0.13667677464087813,2022-09-15,98534.10144200831,-1465.8985579916916,,
partial_exit,7236.7001953125,0.06833838732043906,2022-09-16,99028.64586287747,-971.3541371225292,,
partial_exit,6984.60009765625,0.1424851559190905,2022-09-27,98524.9815607575,-1475.0184392424999,,
partial_exit,7005.39990234375,0.07124257795954525,2022-09-28,99024.06430943802,-975.9356905619788,,
partial_exit,6893.7998046875,0.14435337558426933,2022-09-30,98519.1839684729,-1480.8160315270943,,
partial_exit,6908.7998046875,0.07217668779213467,2022-10-03,99017.8382549942,-982.1617450057965,,
partial_exit,6826.2001953125,0.1458048628889894,2022-10-12,98534.02516950283,-1465.9748304971727,,
partial_exit,6850.2998046875,0.0729024314444947,2022-10-13,99033.4286813883,-966.5713186117064,,
partial_exit,7344.5,0.13550000393677775,2023-03-15,98522.79811245276,-1477.2018875472422,,
partial_exit,7410.0,0.06775000196838887,2023-03-16,99024.82562703852,-975.1743729614827,,
partial_exit,7403.89990234375,0.13441807736130654,2023-03-20,98526.5809950126,-1473.4190049874014,,
partial_exit,7536.2001953125,0.06720903868065327,2023-03-21,99033.0817654445,-966.9182345555018,,
partial_exit,7499.60009765625,0.1327292626407039,2023-03-23,98546.22271514444,-1453.7772848555614,,
partial_exit,7405.5,0.06636463132035195,2023-03-24,99037.6859923873,-962.314007612702,,
partial_exit,7484.2998046875,0.1329897944085376,2023-03-28,98538.2137394076,-1461.786260592402,,
partial_exit,7564.2998046875,0.0664948972042688,2023-03-29,99041.20107734256,-958.7989226574427,,
partial_exit,7446.10009765625,0.13369135182165795,2023-05-31,98552.43959764928,-1447.5604023507185,,
partial_exit,7490.2998046875,0.06684567591082897,2023-06-01,99053.13375086836,-946.8662491316354,,
partial_exit,7600.0,0.1310021695370645,2023-06-05,98566.03235968733,-1433.967640312665,,
partial_exit,7628.10009765625,0.06550108476853225,2023-06-06,99065.68119080676,-934.3188091932388,,
partial_exit,7599.7001953125,0.13101185380974123,2023-06-08,98569.43028762816,-1430.569712371842,,
partial_exit,7562.39990234375,0.06550592690487061,2023-06-09,99064.81230285649,-935.1876971435122,,
partial_exit,7594.7998046875,0.13109066808452355,2023-06-13,98565.13065610462,-1434.8693438953778,,
partial_exit,7602.7001953125,0.06554533404226177,2023-06-14,99063.45218002955,-936.5478199704521,,
partial_exit,7642.7001953125,0.13027261189699366,2023-06-16,98567.81712251328,-1432.1828774867172,,
partial_exit,7588.5,0.06513630594849683,2023-06-19,99062.10398020345,-937.8960197965498,,
partial_exit,7280.5,0.1367421745870441,2023-07-06,98559.5888060165,-1440.4111939834984,,
partial_exit,7256.89990234375,0.06837108729352205,2023-07-07,99055.75094272,-944.2490572800016,,
partial_exit,7282.5,0.13670177623635002,2023-07-11,98557.53785868068,-1442.4621413193236,,
partial_exit,7416.10009765625,0.06835088811817501,2023-07-12,99064.43488672876,-935.5651132712374,,
partial_exit,7262.39990234375,0.13710754091869937,2023-08-18,98577.24938607683,-1422.75061392317,,
partial_exit,7257.7998046875,0.06855377045934968,2023-08-21,99074.79892792729,-925.2010720727121,,
partial_exit,7320.5,0.13601972497615425,2023-08-23,98577.50727210578,-1422.4927278942196,,
partial_exit,7333.60009765625,0.06800986248807712,2023-08-24,99076.26440628993,-923.7355937100656,,
partial_exit,7465.0,0.13338963374385335,2023-08-29,98579.60797388866,-1420.392026111338,,
partial_exit,7473.7001953125,0.06669481687192667,2023-08-30,99078.0650397707,-921.9349602292932,,
partial_exit,7464.5,0.13339703189560698,2023-09-01,98578.47231389106,-1421.527686108937,,
partial_exit,7452.7998046875,0.06669851594780349,2023-09-04,99075.5630005198,-924.4369994801964,,
partial_exit,7426.10009765625,0.1340833796694987,2023-09-06,98575.94328691669,-1424.0567130833078,,
partial_exit,7441.7001953125,0.06704168983474935,2023-09-07,99074.84744325402,-925.1525567459757,,
partial_exit,7510.7001953125,0.13257911517146803,2023-10-02,98580.43663505763,-1419.563364942369,,
partial_exit,7470.2001953125,0.06628955758573402,2023-10-03,99075.63290108176,-924.3670989182428,,
partial_exit,7374.7998046875,0.1350097723105652,2023-10-23,98571.33420421917,-1428.6657957808347,,
partial_exit,7389.7001953125,0.0675048861552826,2023-10-24,99070.17507462541,-929.8249253745889,,
partial_exit,7354.60009765625,0.1353855753089729,2023-10-26,98574.96977347335,-1425.030226526651,,
partial_exit,7291.2998046875,0.06769278765448646,2023-10-27,99068.53818287725,-931.4618171227485,,
partial_exit,7321.7001953125,0.13598556025589434,2023-10-31,98568.90480544086,-1431.0951945591369,,
partial_exit,7342.39990234375,0.06799278012794717,2023-11-01,99068.13498761239,-931.8650123876141,,
partial_exit,7417.7001953125,0.13423896976553418,2023-11-03,98578.6987925868,-1421.3012074131984,,
partial_exit,7417.7998046875,0.06711948488276709,2023-11-06,99076.57769444092,-923.4223055590846,,
partial_exit,7401.7001953125,0.13452846028603327,2023-11-08,98578.19374664799,-1421.8062533520133,,
partial_exit,7455.7001953125,0.06726423014301663,2023-11-09,99079.69568046281,-920.3043195371865,,
partial_exit,7425.7998046875,0.13409303159043715,2023-11-13,98579.05277162805,-1420.9472283719515,,
partial_exit,7440.5,0.06704651579521857,2023-11-14,99077.91237240237,-922.0876275976334,,
partial_exit,7487.7001953125,0.13303584888909797,2024-01-22,98617.12261933585,-1382.8773806641548,,
partial_exit,7485.7001953125,0.06651792444454899,2024-01-23,99115.05585934219,-884.9441406578117,,
partial_exit,7529.7001953125,0.13229714366873396,2024-01-25,98619.62502365345,-1380.3749763465457,,
partial_exit,7635.10009765625,0.06614857183436698,2024-01-26,99124.67599092585,-875.3240090741456,,
