backtesting_results/^FTSE_BollingerKeltnerChaikinSMAStrategy_backtesting_results.csv
type,price,quantity,date,balance,profit,Metric,Value
full_exit,6064.7001953125,0.08228149882821181,2020-06-15,100001.35764473067,1.3576447306695627,,
full_exit,6176.2001953125,0.3248221162419296,2020-07-13,100007.49690961128,7.496909611276351,,
full_exit,6123.7998046875,0.32365934195393714,2020-07-24,99989.37198646186,-10.628013538138475,,
full_exit,6104.7001953125,0.323297240066807,2020-08-24,99963.21727131246,-36.78272868753993,,
full_exit,5842.7001953125,0.3274530088324051,2020-09-25,99877.16268454697,-122.83731545302726,,
full_exit,5655.0,0.08946680835872316,2020-11-02,99883.30907175521,-116.69092824478867,,
full_exit,6720.7001953125,0.2919753591762994,2021-01-18,99847.9217437627,-152.07825623730605,,
full_exit,6749.7001953125,0.29914739493300185,2021-03-15,99870.11853889395,-129.88146110605157,,
full_exit,6740.60009765625,0.2935802137262532,2021-03-26,99851.62298542919,-148.3770145708113,,
full_exit,6942.2001953125,0.2964627537492507,2021-04-08,99912.69431270153,-87.30568729847437,,
full_exit,7032.89990234375,0.28239080736830163,2021-05-17,99900.4667080108,-99.53329198919528,,
full_exit,7022.60009765625,0.2840421481736707,2021-05-28,99897.1717913535,-102.82820864650421,,
full_exit,7146.7001953125,0.28263452197299055,2021-06-14,99919.13254891285,-80.86745108714968,,
full_exit,7136.10009765625,0.2786173093033471,2021-06-25,99908.99090606293,-91.00909393707116,,
full_exit,6844.39990234375,0.27942662818085007,2021-07-19,99823.31867457491,-176.6813254250883,,
full_exit,7193.2001953125,0.2819190757062822,2021-08-12,99854.75265151617,-145.2473484838265,,
full_exit,7119.7001953125,0.2829187381403769,2021-08-31,99871.95419368146,-128.04580631853605,,
full_exit,7068.39990234375,0.27936993180761266,2021-09-13,99849.21350851454,-150.7864914854581,,
full_exit,7190.2998046875,0.27941965012206216,2021-10-21,99861.34029404276,-138.65970595723775,,
full_exit,7351.89990234375,0.27344288141851797,2021-11-15,99874.4381813593,-125.56181864069367,,
full_exit,7044.0,0.27262027618768747,2021-11-26,99797.28664319818,-202.713356801818,,
full_exit,7573.5,0.2642132010203599,2022-02-07,99802.35958826191,-197.640411738088,,
full_exit,7484.2998046875,0.2601594308392984,2022-02-21,99753.42357391486,-246.57642608514288,,
full_exit,6987.10009765625,0.26621499552763217,2022-03-04,99618.42592368524,-381.57407631476235,,
full_exit,7099.10009765625,0.07152282744845351,2022-03-10,99644.28858507525,-355.71141492475,,
full_exit,7175.7001953125,0.06962678686984815,2022-03-15,99648.3269387137,-351.673061286303,,
full_exit,7380.5,0.26289660591511016,2022-04-25,99595.6687998959,-404.33120010410494,,
full_exit,7608.2001953125,0.26511478184151427,2022-06-06,99620.80175888482,-379.1982411151839,,
full_exit,7187.5,0.06807024377101799,2022-06-14,99604.3491676704,-395.65083232960023,,
full_exit,7016.2998046875,0.06847165734388831,2022-06-17,99571.10617802994,-428.8938219700649,,
full_exit,7089.2001953125,0.06990585870757922,2022-06-22,99570.94544234213,-429.0545576578734,,
full_exit,7258.2998046875,0.07091442592574755,2022-06-27,99601.16205152815,-398.8379484718462,,
full_exit,7169.2998046875,0.06800199591698675,2022-06-30,99589.92810852104,-410.07189147896133,,
full_exit,7025.5,0.06946163557909796,2022-07-05,99584.42673341645,-415.57326658355305,,
full_exit,7281.2001953125,0.26598049020361264,2022-09-02,99529.39539596798,-470.6046040320216,,
full_exit,7192.7001953125,0.06833838732043906,2022-09-20,99520.18339470454,-479.81660529546207,,
full_exit,6881.60009765625,0.07124257795954525,2022-09-29,99514.32724088171,-485.6727591182862,,
full_exit,7086.5,0.07217668779213467,2022-10-04,99529.31835303316,-470.6816469668411,,
full_exit,6858.7998046875,0.0729024314444947,2022-10-14,99533.45186394104,-466.548136058962,,
full_exit,7860.10009765625,0.2624411994437555,2023-01-16,99605.59692403911,-394.4030759608868,,
full_exit,7947.60009765625,0.25210863192193544,2023-02-13,99617.14357324109,-382.85642675890995,,
full_exit,7548.60009765625,0.25079844806958984,2023-03-13,99517.97789136642,-482.0221086335805,,
full_exit,7335.39990234375,0.06775000196838887,2023-03-17,99521.79898486122,-478.20101513878035,,
full_exit,7566.7998046875,0.06720903868065327,2023-03-22,99541.6391062065,-458.36089379350597,,
full_exit,7471.7998046875,0.06636463132035195,2023-03-27,99533.54923172486,-466.45076827514276,,
full_exit,7620.39990234375,0.0664948972042688,2023-03-30,99547.91878550433,-452.0812144956726,,
full_exit,7607.2998046875,0.06684567591082897,2023-06-02,99561.64884816902,-438.3511518309824,,
full_exit,7624.2998046875,0.06550108476853225,2023-06-07,99565.0810986143,-434.9189013856958,,
full_exit,7570.7001953125,0.06550592690487061,2023-06-12,99560.73803646932,-439.26196353067644,,
full_exit,7628.2998046875,0.06554533404226177,2023-06-15,99563.4516389023,-436.5483610976953,,
full_exit,7569.2998046875,0.06513630594849683,2023-06-20,99555.14020809747,-444.8597919025342,,
full_exit,7273.7998046875,0.06837108729352205,2023-07-10,99553.0685441219,-446.9314558781043,,
full_exit,7440.2001953125,0.06835088811817501,2023-07-13,99572.97917785539,-427.02082214460825,,
full_exit,7270.7998046875,0.06855377045934968,2023-08-22,99573.23966879371,-426.7603312062856,,
full_exit,7338.60009765625,0.06800986248807712,2023-08-25,99575.36158978652,-424.63841021347616,,
full_exit,7439.10009765625,0.06669481687192667,2023-08-31,99574.21445847582,-425.7855415241793,,
full_exit,7437.89990234375,0.06669851594780349,2023-09-05,99571.65988577444,-428.3401142255607,,
full_exit,7478.2001953125,0.06704168983474935,2023-09-08,99576.19862127033,-423.8013787296659,,
full_exit,7412.5,0.06628955758573402,2023-10-04,99567.00424668602,-432.9957533139823,,
full_exit,7414.2998046875,0.0675048861552826,2023-10-25,99570.67653886197,-429.32346113803214,,
full_exit,7327.39990234375,0.06769278765448646,2023-10-30,99564.55030852612,-435.44969147388474,,
full_exit,7446.5,0.06799278012794717,2023-11-02,99574.44322483515,-425.55677516484866,,
full_exit,7410.0,0.06711948488276709,2023-11-07,99573.93307742222,-426.06692257778195,,
full_exit,7360.60009765625,0.06726423014301663,2023-11-10,99574.80077942228,-425.19922057772055,,
full_exit,7486.89990234375,0.06704651579521857,2023-11-15,99579.88292496208,-420.1170750379242,,
full_exit,7460.7001953125,0.2653942020353726,2023-11-27,99568.31184142294,-431.6881585770607,,
full_exit,7544.89990234375,0.26447874500710034,2023-12-11,99572.41126197056,-427.58873802944436,,
full_exit,7697.5,0.2640197641201903,2023-12-22,99613.25517104632,-386.7448289536842,,
full_exit,7527.7001953125,0.06651792444454899,2024-01-24,99615.78285217521,-384.217147824791,,
full_exit,7632.7001953125,0.06614857183436698,2024-01-29,99629.56820808566,-370.4317919143359,,
full_exit,7630.0,0.2578238162853999,2024-02-29,99604.17256218156,-395.8274378184433,,
full_exit,7722.60009765625,0.2600732927461997,2024-03-18,99620.53114689751,-379.4688531024876,,
full_exit,8147.0,0.25233483802733375,2024-04-29,99683.89244936824,-316.1075506317575,,
long,6157.2998046875,0.3248221162419296,2020-07-03,98001.33049183605,-1998.6695081639482,,
long,6179.7998046875,0.32365934195393714,2020-07-14,98007.34697141906,-1992.6530285809422,,
long,6185.60009765625,0.323297240066807,2020-08-13,97989.58454673263,-2010.415453267371,,
long,6105.5,0.3274530088324051,2020-09-15,97963.95292588622,-2036.0470741137833,,
long,6841.89990234375,0.2919753591762994,2021-01-06,97885.6428903201,-2114.3571096798987,,
long,6675.5,0.29914739493300185,2021-03-03,97850.96330888744,-2149.03669111256,,
long,6803.60009765625,0.2935802137262532,2021-03-16,97872.71616811607,-2127.283831883935,,
long,6736.2001953125,0.2964627537492507,2021-03-29,97854.5905257206,-2145.409474279397,,
long,7076.2001953125,0.28239080736830163,2021-05-06,97914.4404264475,-2085.5595735524985,,
long,7034.2001953125,0.2840421481736707,2021-05-18,97902.45737385059,-2097.542626149414,,
long,7069.0,0.28263452197299055,2021-06-04,97899.22835552643,-2100.7716444735706,,
long,7172.5,0.2786173093033471,2021-06-15,97920.7498979346,-2079.2501020654017,,
long,7151.0,0.27942662818085007,2021-07-07,97910.81108794166,-2089.1889120583364,,
long,7081.7001953125,0.2819190757062822,2021-08-02,97826.85230108342,-2173.147698916582,,
long,7058.89990234375,0.2829187381403769,2021-08-19,97857.65759848585,-2142.34240151415,,
long,7149.7998046875,0.27936993180761266,2021-09-01,97874.51510980783,-2125.484890192165,,
long,7146.89990234375,0.27941965012206216,2021-10-11,97852.22923834425,-2147.7707616557454,,
long,7304.0,0.27344288141851797,2021-11-05,97864.11348816191,-2135.8865118380927,,
long,7327.0,0.27262027618768747,2021-11-16,97876.94941773212,-2123.0505822678824,,
long,7554.2998046875,0.2642132010203599,2022-01-27,97801.34091033421,-2198.659089665787,,
long,7672.39990234375,0.2601594308392984,2022-02-10,97806.31239649668,-2193.68760350332,,
long,7494.2001953125,0.26621499552763217,2022-02-22,97758.35510243656,-2241.644897563441,,
long,7580.7998046875,0.26289660591511016,2022-04-13,97655.36039993943,-2344.6396000605746,,
long,7513.39990234375,0.26511478184151427,2022-05-23,97603.75542389798,-2396.244576102021,,
long,7488.10009765625,0.26598049020361264,2022-08-23,97592.73819874812,-2407.2618012518797,,
long,7585.2001953125,0.2624411994437555,2023-01-04,97542.78282666222,-2457.2171733377763,,
long,7901.7998046875,0.25210863192193544,2023-02-03,97613.48498555833,-2386.5150144416693,,
long,7944.0,0.25079844806958984,2023-03-02,97624.80070177627,-2375.199298223728,,
long,7504.2998046875,0.2653942020353726,2023-11-17,97588.28526646283,-2411.71473353717,,
long,7529.39990234375,0.26447874500710034,2023-12-01,97576.94560459448,-2423.0543954055174,,
long,7542.7998046875,0.2640197641201903,2023-12-12,97580.96303673115,-2419.0369632688526,,
long,7728.5,0.2578238162853999,2024-02-19,97636.97684392396,-2363.023156076044,,
long,7659.7001953125,0.2600732927461997,2024-03-08,97612.08911093793,-2387.91088906207,,
long,7895.89990234375,0.25233483802733375,2024-04-19,97628.12052395956,-2371.8794760404417,,
